// Jest Snapshot v1, https://goo.gl/fbAQLP

exports[`testing Entry Component should be match with the snapshot 1`] = `
<div class="entry-container mb-3 pointer p-2">
  <div class="entry-title d-flex"><span class="text-success fs-5 fw-bold">23</span><span class="mx-2 fs-5">July</span><span class="mx-1 fw-light">2021, Friday</span></div>
  <div class="entry-description">Hello Mock Data test</div>
</div>
`;
