// Jest Snapshot v1, https://goo.gl/fbAQLP

exports[`testing EntryView Component must display the entry correctly 1`] = `
<div class="entry-title d-flex justify-content-left align-items-baseline p-2"><span class="text-success fs-3 fw-bold">23</span><span class="mx-1 fs-3">July</span><span class="mx-2 fs-4 fw-light">2021, Friday</span></div>
<div class=""><input type="file" accept="image/png, image/jpeg, image/jpg" style="display: none;"><button class="btn btn-danger mx-2"><i class="fa fa-trash-alt"></i> Delete </button><button class="btn btn-secondary text-white mx-2"><i class="fa fa-upload"></i> Upload Image </button></div>
<hr>
<div class="d-flex flex-column px-3 h-75"><textarea class="area-color" placeholder="What happened?" id="" cols="30" rows="10"></textarea></div>
<fab-stub icon="fa-save"></fab-stub>
<img src="https://res.cloudinary.com/dlayuetwi/image/upload/v1655396687/curso-vue-fh/axrcrwtxo6uzzclm8upx.png" class="img-thumbnail img-position" alt="entry picture">
<!--v-if-->
`;
