// Jest Snapshot v1, https://goo.gl/fbAQLP

exports[`Counter Component should be match with the snapshot 1`] = `
<div>
  <h2>Custom Counter</h2>
  <p>
    100
    <sup>2</sup>
    = 10000
  </p>
  <div><button>+1</button> <button>-1</button></div>
</div>
`;
